192.168.1.1 - - [25/Apr/2026:10:00:00] "GET /index.html HTTP/1.1" 200 1024
